// Vitest Snapshot v1, https://vitest.dev/guide/snapshot.html

exports[`NotesList > should match snapshot 1`] = `
<div
  data-testid="component-list"
>
  <div
    data-testid="item-label"
  >
    Note
  </div>
  <div
    data-testid="list-item"
  >
    <div
      data-testid="start-content"
    >
      <div
        data-has-errors="false"
        data-has-visited="true"
        data-testid="status-indicator"
      />
      <div
        data-color="primary"
        data-radius="md"
        data-size="lg"
        data-testid="chip"
        data-variant="flat"
      >
        Description
      </div>
    </div>
    <div
      data-testid="content"
    >
      <div
        class="pt-4"
        data-testid="vsplit"
      >
        <div
          class="items-start"
          data-testid="hsplit"
        >
          <div
            data-disabled="false"
            data-label="Category"
            data-required="true"
            data-testid="select"
          >
            <select
              data-testid="select-input"
            >
              <option>
                Description
              </option>
              <option>
                Details
              </option>
              <option>
                FAQ
              </option>
              <option>
                General
              </option>
              <option>
                Legal Disclaimer
              </option>
              <option>
                Other
              </option>
              <option>
                Summary
              </option>
            </select>
          </div>
          <div
            data-disabled="false"
            data-label="Title"
            data-required="true"
            data-testid="input"
          >
            <input
              data-testid="input-field"
              value="Test Note Title"
            />
          </div>
        </div>
        <div
          data-disabled="false"
          data-label="Content"
          data-required="true"
          data-testid="textarea"
        >
          <textarea
            data-testid="textarea-field"
          >
            Test note content
          </textarea>
        </div>
      </div>
    </div>
  </div>
</div>
`;
